// Vitest Snapshot v1, https://vitest.dev/guide/snapshot.html

exports[`App component > renders hello 1`] = `
<div>
  <div
    class="navbar"
  >
    <h1
      class="text-black text-[24px]"
    >
      Shopping Cart 
    </h1>
    <button
      class="w-[30px] h-[30px] cursor-pointer"
    >
      <img
        alt="cart"
        class="w-[30px] h-[30px]"
        src="/src/assets/cart.png"
      />
    </button>
  </div>
  <ul
    class="product-list"
  />
</div>
`;
