// Vitest Snapshot v1, https://vitest.dev/guide/snapshot.html

exports[`App component > renders hello 1`] = `
<div>
  <div
    class="flex flex-row bg-white px-[20px] h-[48px] w-full justify-between items-center shadow-md nav-bar"
  >
    <h1
      class="text-black text-[24px]"
    >
      Shopping Cart
    </h1>
    <button
      class="w-[30px] h-[30px] cursor-pointer"
    >
      <img
        alt="cart"
        class="w-[30px] h-[30px]"
        src="/src/assets/cart.png"
      />
    </button>
  </div>
  <ul
    class=" h-(--my-height-product) m-auto p-[50px] grid grid-cols-[repeat(auto-fit,_minmax(_200px,_1fr))] gap-x-3 gap-y-5"
  />
</div>
`;
